{"first_name": "Grace","last_name": "Hopper","token": "eyJhbGciOiJIUzI1NiJ9.eyJqdGkiOiIxMDM1MmU3NC00MjEyLTQyODItYWM3NC0wZjU4ZjgzYzJkYjUiLCJzdWIiOiIxMDM1MmU3NC00MjEyLTQyODItYWM3NC0wZjU4ZjgzYzJkYjUiLCJpYXQiOjE2MDc2MTk0ODksInVzZXJfaWQiOiIxMDM1MmU3NC00MjEyLTQyODItYWM3NC0wZjU4ZjgzYzJkYjUiLCJleHAiOjE2MDc3MDU4ODl9.ZuIv_t0D358n04gamNwz3U_tkxr4IO36gXuZyU9X3e4","email": "grace@example.com"}